============================= test session starts ==============================
platform linux -- Python 3.13.5, pytest-8.4.2, pluggy-1.6.0
benchmark: 5.1.0 (defaults: timer=time.perf_counter disable_gc=False min_rounds=5 min_time=0.000005 max_time=1.0 calibration_precision=10 warmup=False warmup_iterations=100000)
rootdir: /home/stefan/ml4t/software/backtest
configfile: pyproject.toml
plugins: hypothesis-6.140.2, asyncio-1.2.0, benchmark-5.1.0, cov-7.0.0, xdist-3.8.0, timeout-2.4.0
asyncio: mode=Mode.STRICT, debug=False, asyncio_default_fixture_loop_scope=None, asyncio_default_test_loop_scope=function
collected 639 items / 1 error

==================================== ERRORS ====================================
____________ ERROR collecting tests/validation/test_vectorbtpro.py _____________
ImportError while importing test module '/home/stefan/ml4t/software/backtest/tests/validation/test_vectorbtpro.py'.
Hint: make sure your test modules/packages have valid Python names.
Traceback:
../../../.local/share/uv/python/cpython-3.13.5-linux-x86_64-gnu/lib/python3.13/importlib/__init__.py:88: in import_module
    return _bootstrap._gcd_import(name[level:], package, level)
           ^^^^^^^^^^^^^^^^^^^^^^^^^^^^^^^^^^^^^^^^^^^^^^^^^^^^
tests/validation/test_vectorbtpro.py:12: in <module>
    import vectorbtpro as vbt
E   ModuleNotFoundError: No module named 'vectorbtpro'
=========================== short test summary info ============================
ERROR tests/validation/test_vectorbtpro.py
!!!!!!!!!!!!!!!!!!!! Interrupted: 1 error during collection !!!!!!!!!!!!!!!!!!!!
=============================== 1 error in 0.57s ===============================
